[2026-06-13 16:42:49,778] [INFO]  Wiping temp data
[2026-06-13 16:42:57,271] [INFO]  Loaded Unity AssetDatabaseResources in 6848.9195ms
[2026-06-13 16:43:19,626] [INFO]  Storage info:
  User data path: C:/Users/teodo/AppData/LocalLow/Colossal Order/Cities Skylines II
  Game data path: D:/Steam/steamapps/common/Cities Skylines II/Cities2_Data
  Temp data path: C:/Users/teodo/AppData/Local/Temp/Colossal Order/Cities Skylines II
  Console log path: C:/Users/teodo/AppData/LocalLow/Colossal Order/Cities Skylines II/Player.log
  Cache data path: C:/Users/teodo/AppData/LocalLow/Colossal Order/Cities Skylines II/.cache
  Content path: D:/Steam/steamapps/common/Cities Skylines II/Cities2_Data/Content
  Special path SaveGameMetadata: ***********************
  Special path SaveGameData: ***********************
  Special path MapMetadata: **********************
  Special path MapData: **********************
  Special path CinematicCameraAsset: *********************************

[2026-06-13 16:43:19,635] [INFO]  Registered 'SteamCloud' database
[2026-06-13 16:43:19,647] [INFO]  Registered 'User' database
[2026-06-13 16:43:19,656] [INFO]  Registered 'Game' database
[2026-06-13 16:43:20,289] [INFO]  MipBias 0 active
[2026-06-13 16:43:20,983] [INFO]  Watcher starting at 'C:\Users\teodo\AppData\LocalLow\Colossal Order\Cities Skylines II' with .cok, .cop, .zip, .png, .tif, .tiff, .jpg, .jpeg, .SaveGameMetadata, .SaveGameData, .cds, .MapMetadata, .MapData, .cdm, .CinematicCamera
[2026-06-13 16:43:44,843] [INFO]  Registered 'ParadoxMods' database
[2026-06-13 16:43:45,349] [INFO]  OnActivePlaysetChanged performed in 0.5011144s
[2026-06-13 16:43:49,044] [INFO]  Watcher starting at 'C:\Users\teodo\AppData\LocalLow\Colossal Order\Cities Skylines II\.packages' with .cok, .cop, .zip
[2026-06-13 16:43:49,704] [INFO]  Log 'I18NEverywhere.I18NEverywhere' opened at C:/Users/teodo/AppData/LocalLow/Colossal Order/Cities Skylines II/Logs/I18NEverywhere.I18NEverywhere.log with effectivenessLevel of INFO.
