[2026-06-13 16:42:49,314] [INFO]  Odin Serializer ArchitectureInfo initialization with defaults (all unaligned read/writes disabled).
[2026-06-13 16:42:49,369] [INFO]  Odin Serializer detected whitelisted runtime platform WindowsPlayer and memory read test succeeded; enabling all unaligned memory read/writes.
[2026-06-13 16:42:49,775] [INFO]  Command line: Cities2.exe
--pdx-launcher-session-token
************************************
--paradox-account-userid
************************************
[2026-06-13 16:43:19,661] [INFO]  GameManager created! (29965.1724ms)
[2026-06-13 16:43:21,105] [INFO]  Applying quality scaling profile based on 7 GB VRAM
[2026-06-13 16:43:21,283] [INFO]  Applying quality scaling profile based on 7 GB VRAM
[2026-06-13 16:43:21,551] [INFO]  Applying resolution: 1920x1080x165.003Hz Fullscreen
[2026-06-13 16:43:21,552] [INFO]  Creating ECS world
[2026-06-13 16:43:40,575] [INFO]  Date: 06/13/2026 13:43:40
Game version: 1.5.10f1 (330.05c1) [6202.16258] Windows Steamworks
Game configuration: Release (Mono)
COre version: 1.0.0f1 (0.0000) [0.0]
Localization version: 1.0.0a1 (330.05c1) [6202.16236]
UI version: 1.0.0f1 (330.05c1) [6202.16237]
Unity version: 2022.3.71f1
Cohtml version: 1.64.0.7
ATL Version: 3.4.1.0
Discord SDK Version: 3.2.1
Steamworks.NET Version: 20.2.0
Steamworks SDK Version: 1.57
Steam API DLL Version:  08.02.21.95
Landmark Buildings: 1.5.10f1 (330.05c1) [6202.16258]
San Francisco Set: 1.5.10f1 (330.05c1) [6202.16258]
CS 1 Treasure Hunt: 1.5.10f1 (330.05c1) [6202.16258]
Bridges And Ports: 1.5.10f1 (330.05c1) [6202.16258]
Deluxe Relax Radio: 1.0.3f1 (330.05c1) [6202.16507]
Game: 1.5.10f1 (330.05c1) [6202.17660]
[2026-06-13 16:43:40,576] [INFO]  Type: Desktop
OS: Windows 11  (10.0.26200) 64bit
System memory: 15.916 GB
Graphics device: NVIDIA GeForce RTX 3070 (Version: Direct3D 11.0 [level 11.1])
Graphics memory: 7.830 GB
Max texture size: 16384
Shader level: 50
3D textures: True
Shadows: True
Compute: True
CPU: AMD Ryzen 7 5700X 8-Core Processor 
Core count: 16
Platform: WindowsPlayer
Screen resolution: 1920x1080x165
Window resolution: 1920x1080
DPI: 96
Rendering Threading Mode: LegacyJobified
CLR: 4.0.30319.42000
Modding runtime: Builtin
Scripting runtime: Mono 6.13.0 (Visual Studio built mono)
[2026-06-13 16:43:40,578] [INFO]  Configuration: {"startGame":"00000000000000000000000000000000","disablePDXSDK":false,"noThumbnails":false,"profilerTarget":null,"saveAllSettings":false,"cleanupSettings":true,"developerMode":false,"uiDeveloperMode":false,"qaDeveloperMode":false,"duplicateLogToDefault":false,"disableUserSection":false,"disableModding":false,"disableCodeModding":false,"captureStdout":"None","showHelp":null,"continuelastsave":false,"benchmark":false}
[2026-06-13 16:43:41,074] [INFO]  Added 8990/8990 explicitly referenced prefabs in 0.2990867s
[2026-06-13 16:43:41,074] [INFO]  LoadAssetLibraryAsync performed in 540.2396ms
[2026-06-13 16:43:44,690] [INFO]  Added 8990/8990 explicitly referenced prefabs in 0.0073101s
[2026-06-13 16:43:44,690] [INFO]  LoadAssetLibraryAsync performed in 175.9325ms
[2026-06-13 16:43:44,844] [INFO]  Preload Mods at boot
[2026-06-13 16:43:46,978] [INFO]  Creating ECS systems
[2026-06-13 16:43:49,837] [INFO]  Applying resolution: 1920x1080x165.003Hz Fullscreen
[2026-06-13 16:43:49,844] [INFO]  Initializing VT with mipbias 1 - Trilinear
[2026-06-13 16:43:55,792] [INFO]  Current resolution: 1920x1080x165.003Hz Fullscreen - Current quality settings: DynamicResolutionScaleSettings: Medium - AntiAliasingQualitySettings: Medium - CloudsQualitySettings: Low - FogQualitySettings: Low - VolumetricsQualitySettings: Low - SSAOQualitySettings: Low - SSGIQualitySettings: Disabled - SSRQualitySettings: Disabled - DepthOfFieldQualitySettings: Medium - MotionBlurQualitySettings: Disabled - ShadowsQualitySettings: Disabled - TerrainQualitySettings: Medium - WaterQualitySettings: Medium - LevelOfDetailQualitySettings: Medium - TextureQualitySettings: Medium
[2026-06-13 16:43:56,869] [INFO]  Loaded 131 prefabs in 1.0578279s
[2026-06-13 16:44:08,661] [INFO]  Boot completed
[2026-06-13 16:44:08,663] [INFO]  Starting game from ''
[2026-06-13 16:44:08,664] [INFO]  Loading mode MainMenu with purpose Cleanup
[2026-06-13 16:44:08,942] [INFO]  HandleLocaleCaching (1.3038ms)
[2026-06-13 16:44:17,407] [INFO]  Loading completed
[2026-06-13 16:44:18,204] [INFO]  MainMenu reached
[2026-06-13 16:44:18,204] [INFO]  GameManager initialized! (88360.9765ms)
[2026-06-13 16:49:35,245] [INFO]  Starting game from 'Multiplayer Save Game'
[2026-06-13 16:49:35,246] [WARN]  Loading with SaveGameData. Session guid will be lost, rather use metadata if available
[2026-06-13 16:49:35,246] [INFO]  Loading mode Game with purpose LoadGame
[2026-06-13 16:49:35,300] [INFO]  HandleLocaleCaching (0.0005ms)
[2026-06-13 16:49:36,810] [INFO]  Serialized version: 1.5.10f1 (330.05c1) [6202.16258]
[2026-06-13 16:49:36,811] [INFO]  Format tags: ShortLaneOptimization, HomelessAndWorkerFix, CompanyAndCargoFix, TradeCostFix, TerrainSystemCleanup, FishResource, AquacultureLandAmbience, BpPrefabData, ContentPrefabInCityConfiguration, SeagullAmbience, BPDLCAchievement, StandingLegOffset, CargoPortCleanup, NewWaterSources, RemoveConsumptionAccumulator, TrackCompanyCustomersAndTaxes, ActivityProps, UnifyCompanyStatistics, UnemploymentAffectHappiness, HouseholdConsumptionFix, MovingAwayReason, SicknessHealthPenalty, LevelingFixReset, IndustrialConsumptionAccumulator, LevelUpStatistics, WaterfrontLowCommercialZone, OldTownAmbience, WaterSourceYPositionFix, TrackProcessingMail, TrackCitizenEconomyStats, DelayMoveAwayCompany, TrackCityMaxProduction, BicycleDataMigration, WaterRenderSettings, TerrainRenderSettings, PrefabIDHash, EasyModeDeathRateFix, HouseholdPetLimit
